// Jest Snapshot v1, https://goo.gl/fbAQLP

exports[`renders correctly 1`] = `
<View
  style={
    Object {
      "flexDirection": "row",
      "marginHorizontal": 20,
    }
  }
>
  <View
    style={
      Object {
        "alignItems": "center",
        "backgroundColor": "#3E3364",
        "borderRadius": 12,
        "height": 50,
        "justifyContent": "center",
        "marginRight": 10,
        "width": 50,
      }
    }
  >
    <Text
      style={
        Object {
          "color": "#fff",
          "fontSize": 20,
        }
      }
    >
      1
    </Text>
  </View>
  <View
    style={
      Object {
        "alignItems": "center",
        "backgroundColor": "#3E3364",
        "borderRadius": 12,
        "flex": 1,
        "flexDirection": "row",
        "justifyContent": "space-between",
        "minHeight": 50,
        "paddingHorizontal": 10,
        "paddingVertical": 5,
      }
    }
  >
    <Text
      style={
        Object {
          "color": "#fff",
          "fontSize": 16,
          "width": "90%",
        }
      }
    >
      test
    </Text>
    <View
      accessible={true}
      collapsable={false}
      focusable={true}
      onClick={[Function]}
      onResponderGrant={[Function]}
      onResponderMove={[Function]}
      onResponderRelease={[Function]}
      onResponderTerminate={[Function]}
      onResponderTerminationRequest={[Function]}
      onStartShouldSetResponder={[Function]}
      style={
        Object {
          "opacity": 1,
        }
      }
    >
      <Text
        allowFontScaling={false}
        selectable={false}
        style={
          Array [
            Object {
              "color": "#fff",
              "fontSize": 18,
            },
            Object {
              "marginLeft": 10,
            },
            Object {
              "fontFamily": "Material Icons",
              "fontStyle": "normal",
              "fontWeight": "normal",
            },
            Object {},
          ]
        }
      >
        î¡²
      </Text>
    </View>
  </View>
</View>
`;
